y21acs404@RP21SYS8 MINGW64 /z/bin
$ cd ..

y21acs404@RP21SYS8 MINGW64 /z
$ cd ..

y21acs404@RP21SYS8 MINGW64 /
$ cd z

y21acs404@RP21SYS8 MINGW64 /z
$ cd 4th_year

y21acs404@RP21SYS8 MINGW64 /z/4th_year
$ cd DevOps

y21acs404@RP21SYS8 MINGW64 /z/4th_year/DevOps
$ git clone https://github.com/Anandam965/testrepo.git
fatal: destination path 'testrepo' already exists and is not an empty directory.

y21acs404@RP21SYS8 MINGW64 /z/4th_year/DevOps
$ git status
fatal: not a git repository (or any of the parent directories): .git

y21acs404@RP21SYS8 MINGW64 /z/4th_year/DevOps
$ cd testrepo

y21acs404@RP21SYS8 MINGW64 /z/4th_year/DevOps/testrepo (main)
$ git status
On branch main

No commits yet

nothing to commit (create/copy files and use "git add" to track)

y21acs404@RP21SYS8 MINGW64 /z/4th_year/DevOps/testrepo (main)
$ git log
fatal: your current branch 'main' does not have any commits yet

y21acs404@RP21SYS8 MINGW64 /z/4th_year/DevOps/testrepo (main)
$ touch file1

y21acs404@RP21SYS8 MINGW64 /z/4th_year/DevOps/testrepo (main)
$ git log
fatal: your current branch 'main' does not have any commits yet

y21acs404@RP21SYS8 MINGW64 /z/4th_year/DevOps/testrepo (main)
$ git status
On branch main

No commits yet

Untracked files:
  (use "git add <file>..." to include in what will be committed)
        file1

nothing added to commit but untracked files present (use "git add" to track)

y21acs404@RP21SYS8 MINGW64 /z/4th_year/DevOps/testrepo (main)
$ git add file1.txt
fatal: pathspec 'file1.txt' did not match any files

y21acs404@RP21SYS8 MINGW64 /z/4th_year/DevOps/testrepo (main)
$ git add file1

y21acs404@RP21SYS8 MINGW64 /z/4th_year/DevOps/testrepo (main)
$ git status
On branch main

No commits yet

Changes to be committed:
  (use "git rm --cached <file>..." to unstage)
        new file:   file1


y21acs404@RP21SYS8 MINGW64 /z/4th_year/DevOps/testrepo (main)
$ git commit -m "first commit"
[main (root-commit) 9d1708e] first commit
 Committer: y21acs404 <y21acs404@win2k18.local>
Your name and email address were configured automatically based
on your username and hostname. Please check that they are accurate.
You can suppress this message by setting them explicitly. Run the
following command and follow the instructions in your editor to edit
your configuration file:

    git config --global --edit

After doing this, you may fix the identity used for this commit with:

    git commit --amend --reset-author

 1 file changed, 0 insertions(+), 0 deletions(-)
 create mode 100644 file1

y21acs404@RP21SYS8 MINGW64 /z/4th_year/DevOps/testrepo (main)
$ touch file2

y21acs404@RP21SYS8 MINGW64 /z/4th_year/DevOps/testrepo (main)
$ cat > file3


y21acs404@RP21SYS8 MINGW64 /z/4th_year/DevOps/testrepo (main)
$ git status
On branch main
Your branch is based on 'origin/main', but the upstream is gone.
  (use "git branch --unset-upstream" to fixup)

Untracked files:
  (use "git add <file>..." to include in what will be committed)
        file2

nothing added to commit but untracked files present (use "git add" to track)

y21acs404@RP21SYS8 MINGW64 /z/4th_year/DevOps/testrepo (main)
$ git add file2

y21acs404@RP21SYS8 MINGW64 /z/4th_year/DevOps/testrepo (main)
$ git status
On branch main
Your branch is based on 'origin/main', but the upstream is gone.
  (use "git branch --unset-upstream" to fixup)

Changes to be committed:
  (use "git restore --staged <file>..." to unstage)
        new file:   file2


y21acs404@RP21SYS8 MINGW64 /z/4th_year/DevOps/testrepo (main)
$ cat > file3
this is file 3

y21acs404@RP21SYS8 MINGW64 /z/4th_year/DevOps/testrepo (main)
$ git status
On branch main
Your branch is based on 'origin/main', but the upstream is gone.
  (use "git branch --unset-upstream" to fixup)

Changes to be committed:
  (use "git restore --staged <file>..." to unstage)
        new file:   file2

Untracked files:
  (use "git add <file>..." to include in what will be committed)
        file3


y21acs404@RP21SYS8 MINGW64 /z/4th_year/DevOps/testrepo (main)
$ git add .

y21acs404@RP21SYS8 MINGW64 /z/4th_year/DevOps/testrepo (main)
$ git push origin main


y21acs404@RP21SYS8 MINGW64 /z/4th_year/DevOps/testrepo (main)
$ ^C

y21acs404@RP21SYS8 MINGW64 /z/4th_year/DevOps/testrepo (main)
$ git status
On branch main
Your branch is based on 'origin/main', but the upstream is gone.
  (use "git branch --unset-upstream" to fixup)

Changes to be committed:
  (use "git restore --staged <file>..." to unstage)
        new file:   file2
        new file:   file3


y21acs404@RP21SYS8 MINGW64 /z/4th_year/DevOps/testrepo (main)
$ git log -n 2
WARNING: terminal is not fully functional
Press RETURN to continue
commit 9d1708ecb8c3a379227c493aebc723835bd5fe5b (HEAD -> main)
Author: y21acs404 <y21acs404@win2k18.local>
Date:   Mon Aug 19 12:01:54 2024 +0530

    first commit

y21acs404@RP21SYS8 MINGW64 /z/4th_year/DevOps/testrepo (main)
$ git log --pretty=" %h : %s"
WARNING: terminal is not fully functional
Press RETURN to continue
 9d1708e : first commit

y21acs404@RP21SYS8 MINGW64 /z/4th_year/DevOps/testrepo (main)
$ git commit -m "adding 2,3 files"
[main c310bbd] adding 2,3 files
 Committer: y21acs404 <y21acs404@win2k18.local>
Your name and email address were configured automatically based
on your username and hostname. Please check that they are accurate.
You can suppress this message by setting them explicitly:

    git config --global user.name "Your Name"
    git config --global user.email you@example.com

After doing this, you may fix the identity used for this commit with:

    git commit --amend --reset-author

 2 files changed, 0 insertions(+), 0 deletions(-)
 create mode 100644 file2
 create mode 100644 file3

y21acs404@RP21SYS8 MINGW64 /z/4th_year/DevOps/testrepo (main)
$ git log --pretty=" %h : %s"
WARNING: terminal is not fully functional
Press RETURN to continue
 c310bbd : adding 2,3 files
 9d1708e : first commit

y21acs404@RP21SYS8 MINGW64 /z/4th_year/DevOps/testrepo (main)
$ git log --oneline
WARNING: terminal is not fully functional
Press RETURN to continue
c310bbd (HEAD -> main) adding 2,3 files
9d1708e first commit

y21acs404@RP21SYS8 MINGW64 /z/4th_year/DevOps/testrepo (main)
$ git log --graph
WARNING: terminal is not fully functional
Press RETURN to continue
* commit c310bbd4cfa98d1f8916107d595bec353b376953 (HEAD -> main)
| Author: y21acs404 <y21acs404@win2k18.local>
| Date:   Mon Aug 19 12:13:56 2024 +0530
|
|     adding 2,3 files
|
* commit 9d1708ecb8c3a379227c493aebc723835bd5fe5b
  Author: y21acs404 <y21acs404@win2k18.local>
  Date:   Mon Aug 19 12:01:54 2024 +0530

      first commit

y21acs404@RP21SYS8 MINGW64 /z/4th_year/DevOps/testrepo (main)
$ git log -n 3
WARNING: terminal is not fully functional
Press RETURN to continue
commit c310bbd4cfa98d1f8916107d595bec353b376953 (HEAD -> main)
Author: y21acs404 <y21acs404@win2k18.local>
Date:   Mon Aug 19 12:13:56 2024 +0530

    adding 2,3 files

commit 9d1708ecb8c3a379227c493aebc723835bd5fe5b
Author: y21acs404 <y21acs404@win2k18.local>
Date:   Mon Aug 19 12:01:54 2024 +0530

    first commit

y21acs404@RP21SYS8 MINGW64 /z/4th_year/DevOps/testrepo (main)
$ git log -n 1
WARNING: terminal is not fully functional
Press RETURN to continue
commit c310bbd4cfa98d1f8916107d595bec353b376953 (HEAD -> main)
Author: y21acs404 <y21acs404@win2k18.local>
Date:   Mon Aug 19 12:13:56 2024 +0530

    adding 2,3 files

y21acs404@RP21SYS8 MINGW64 /z/4th_year/DevOps/testrepo (main)
$ git log --pretty=" %h : %s"
WARNING: terminal is not fully functional
Press RETURN to continue
 c310bbd : adding 2,3 files
 9d1708e : first commit

y21acs404@RP21SYS8 MINGW64 /z/4th_year/DevOps/testrepo (main)
$ git show HEAD
WARNING: terminal is not fully functional
Press RETURN to continue
commit c310bbd4cfa98d1f8916107d595bec353b376953 (HEAD -> main)
Author: y21acs404 <y21acs404@win2k18.local>
Date:   Mon Aug 19 12:13:56 2024 +0530

    adding 2,3 files

diff --git a/file2 b/file2
new file mode 100644
index 0000000..e69de29
diff --git a/file3 b/file3
new file mode 100644
index 0000000..e69de29

y21acs404@RP21SYS8 MINGW64 /z/4th_year/DevOps/testrepo (main)
$ git show HEAD~1
WARNING: terminal is not fully functional
Press RETURN to continue
commit 9d1708ecb8c3a379227c493aebc723835bd5fe5b
Author: y21acs404 <y21acs404@win2k18.local>
Date:   Mon Aug 19 12:01:54 2024 +0530

    first commit

diff --git a/file1 b/file1
new file mode 100644
index 0000000..e69de29

y21acs404@RP21SYS8 MINGW64 /z/4th_year/DevOps/testrepo (main)
$ git push origin main
Enumerating objects: 5, done.
Counting objects: 100% (5/5), done.
Delta compression using up to 8 threads
Compressing objects: 100% (3/3), done.
Writing objects: 100% (5/5), 415 bytes | 59.00 KiB/s, done.
Total 5 (delta 0), reused 0 (delta 0), pack-reused 0 (from 0)
To https://github.com/Anandam965/testrepo.git
 * [new branch]      main -> main

y21acs404@RP21SYS8 MINGW64 /z/4th_year/DevOps/testrepo (main)
$ git status
On branch main
Your branch is up to date with 'origin/main'.

nothing to commit, working tree clean

y21acs404@RP21SYS8 MINGW64 /z/4th_year/DevOps/testrepo (main)
$ git branch
WARNING: terminal is not fully functional
Press RETURN to continue
* main

y21acs404@RP21SYS8 MINGW64 /z/4th_year/DevOps/testrepo (main)
$ git remote -v
origin  https://github.com/Anandam965/testrepo.git (fetch)
origin  https://github.com/Anandam965/testrepo.git (push)

y21acs404@RP21SYS8 MINGW64 /z/4th_year/DevOps/testrepo (main)
$ git branch -vv
WARNING: terminal is not fully functional
Press RETURN to continue
* main c310bbd [origin/main] adding 2,3 files

y21acs404@RP21SYS8 MINGW64 /z/4th_year/DevOps/testrepo (main)
$ git add .

y21acs404@RP21SYS8 MINGW64 /z/4th_year/DevOps/testrepo (main)
$ git status
On branch main
Your branch is up to date with 'origin/main'.

nothing to commit, working tree clean

y21acs404@RP21SYS8 MINGW64 /z/4th_year/DevOps/testrepo (main)
$ git log
WARNING: terminal is not fully functional
Press RETURN to continue
commit c310bbd4cfa98d1f8916107d595bec353b376953 (HEAD -> main, origin/main)
Author: y21acs404 <y21acs404@win2k18.local>
Date:   Mon Aug 19 12:13:56 2024 +0530

    adding 2,3 files

commit 9d1708ecb8c3a379227c493aebc723835bd5fe5b
Author: y21acs404 <y21acs404@win2k18.local>
Date:   Mon Aug 19 12:01:54 2024 +0530

    first commit

y21acs404@RP21SYS8 MINGW64 /z/4th_year/DevOps/testrepo (main)
$ git show HEAD~1
WARNING: terminal is not fully functional
Press RETURN to continue
commit 9d1708ecb8c3a379227c493aebc723835bd5fe5b
Author: y21acs404 <y21acs404@win2k18.local>
Date:   Mon Aug 19 12:01:54 2024 +0530

    first commit

diff --git a/file1 b/file1
new file mode 100644
index 0000000..e69de29

y21acs404@RP21SYS8 MINGW64 /z/4th_year/DevOps/testrepo (main)
$
